# serializer version: 1
# name: test_get_ss_from_mmcif
  list([
    3,
    1,
    3,
    1,
    1,
    3,
    1,
    3,
    2,
    3,
    3,
    1,
    3,
    3,
    3,
    3,
    2,
    3,
    1,
    1,
    3,
    2,
    1,
    3,
    1,
    3,
    1,
    3,
    2,
    3,
    3,
    1,
    3,
    2,
    1,
    3,
    3,
    3,
    3,
    2,
    1,
    2,
    3,
    2,
    1,
    3,
    3,
    1,
    1,
    3,
    3,
    3,
    1,
    3,
    3,
    3,
    3,
    1,
    1,
    3,
    3,
    3,
    1,
    1,
    3,
    2,
    1,
    1,
    1,
    3,
    1,
    3,
    3,
    1,
    1,
    3,
    3,
    2,
    1,
    3,
    1,
    3,
    3,
    3,
    3,
    1,
    3,
    3,
    1,
    3,
    3,
    3,
    1,
    3,
    3,
    2,
    1,
    3,
    3,
    1,
  ])
# ---
